CCþAAþBBþDD
2009-10-01þ278þtHGNJyQcu1þ32.4092
2009-10-01þ468þA-cSNvcqnzþ28.4036
2009-10-01þ740þ7YaqxPKpCRþ17.0268
2009-10-01þ843þZfcHogunHrþ28.4036
2009-10-02þ222þ49Uj8LVH5jþ13.5003
2009-10-02þ843þ3XbaqX1keSþ32.4092
2009-10-04þ468þvOXGmYLegsþ29.5253
2009-10-04þ843þW2OIToxqAMþ17.0268
2009-10-10þ918þ6ff-bhImN7þ26.6454
2009-10-14þ279þafUGgY6q4jþ20.7444
2009-10-14þ577þarzhFJlrMBþ28.4036
2009-10-14þ965þxVciPqOBiQþ17.0268
2009-10-15þ279þWDEGX5smiWþ20.7444
2009-10-15þ577þ5TcvIxjquUþ32.4092
2009-10-15þ740þOcNUM48IS6þ22.8364
2009-10-23þ991þENItEY_hIBþ14.9256
2009-10-25þ577þ4j4n56w__lþ14.3872
2009-10-26þ279þ0dGw4UOK0Pþ17.0268
2009-10-28þ222þOCS81RVo5jþ32.4092
2009-10-28þ918þz3cqeuch4gþ20.7444
