DDþBBþAAþCC
32.4092þ3XbaqX1keSþ843þ2009-10-02
32.4092þ5TcvIxjquUþ577þ2009-10-15
32.4092þOCS81RVo5jþ222þ2009-10-28
32.4092þtHGNJyQcu1þ278þ2009-10-01
29.5253þvOXGmYLegsþ468þ2009-10-04
28.4036þA-cSNvcqnzþ468þ2009-10-01
28.4036þZfcHogunHrþ843þ2009-10-01
28.4036þarzhFJlrMBþ577þ2009-10-14
26.6454þ6ff-bhImN7þ918þ2009-10-10
22.8364þOcNUM48IS6þ740þ2009-10-15
20.7444þWDEGX5smiWþ279þ2009-10-15
20.7444þafUGgY6q4jþ279þ2009-10-14
20.7444þz3cqeuch4gþ918þ2009-10-28
17.0268þ0dGw4UOK0Pþ279þ2009-10-26
17.0268þ7YaqxPKpCRþ740þ2009-10-01
17.0268þW2OIToxqAMþ843þ2009-10-04
17.0268þxVciPqOBiQþ965þ2009-10-14
14.9256þENItEY_hIBþ991þ2009-10-23
14.3872þ4j4n56w__lþ577þ2009-10-25
13.5003þ49Uj8LVH5jþ222þ2009-10-02
