value1^key1^key2^value2
3491^ccv^aab^56.341
3491^ddd^erb^56.341
3491^wwz^awz^98.765
5671^ccv^aab^56.341
3491^ddd^erb^56.341
3451^wwz^awz^98.765
