Numeric-1-Sum	Numeric-2-Sum	Numeric-1-Count	Numeric-2-Count	Numeric-1-Average	Numeric-2-Average
22	58	14	14	1.57	4.14
