Text1;A;B;Text2;Calculated-Field
hello;1;3;world;0.333333333333333
tobias;7;1;wolff;7
bla;400;0;test;0.0
